// Jest Snapshot v1, https://goo.gl/fbAQLP

exports[`page - index should render 1`] = `
<main
  className="jsx-2152329932  vh-100 dt w-100"
>
  <div
    className="dtc v-mid tc"
  >
    <div>
      <div
        style={
          Object {
            "backgroundColor": "#5bcefa",
            "height": "NaNpx",
          }
        }
      />
      <div
        style={
          Object {
            "backgroundColor": "#f5a9b8",
            "height": "NaNpx",
          }
        }
      />
      <div
        style={
          Object {
            "backgroundColor": "#ffffff",
            "height": "NaNpx",
          }
        }
      />
      <div
        style={
          Object {
            "backgroundColor": "#f5a9b8",
            "height": "NaNpx",
          }
        }
      />
      <div
        style={
          Object {
            "backgroundColor": "#5bcefa",
            "height": "NaNpx",
          }
        }
      />
    </div>
  </div>
</main>
`;
